ERROR 2025-11-14 20:40:19,093 views 10488 2696 Error preparing catalog context: could not translate host name "db" to address: Name or service not known
Traceback (most recent call last):
  File "C:\сервис обьявлений\venv\lib\site-packages\django\db\backends\base\base.py", line 279, in ensure_connection
    self.connect()
  File "C:\сервис обьявлений\venv\lib\site-packages\django\utils\asyncio.py", line 26, in inner
    return func(*args, **kwargs)
  File "C:\сервис обьявлений\venv\lib\site-packages\django\db\backends\base\base.py", line 256, in connect
    self.connection = self.get_new_connection(conn_params)
  File "C:\сервис обьявлений\venv\lib\site-packages\django\utils\asyncio.py", line 26, in inner
    return func(*args, **kwargs)
  File "C:\сервис обьявлений\venv\lib\site-packages\django\db\backends\postgresql\base.py", line 332, in get_new_connection
    connection = self.Database.connect(**conn_params)
  File "C:\сервис обьявлений\venv\lib\site-packages\psycopg2\__init__.py", line 135, in connect
    conn = _connect(dsn, connection_factory=connection_factory, **kwasync)
psycopg2.OperationalError: could not translate host name "db" to address: Name or service not known


The above exception was the direct cause of the following exception:

Traceback (most recent call last):
  File "C:\сервис обьявлений\ad_service\.\products\views.py", line 158, in get_context_data
    context = super().get_context_data(**kwargs)
  File "C:\сервис обьявлений\venv\lib\site-packages\django\views\generic\list.py", line 128, in get_context_data
    paginator, page, queryset, is_paginated = self.paginate_queryset(
  File "C:\сервис обьявлений\venv\lib\site-packages\django\views\generic\list.py", line 73, in paginate_queryset
    page = paginator.page(page_number)
  File "C:\сервис обьявлений\venv\lib\site-packages\django\core\paginator.py", line 89, in page
    number = self.validate_number(number)
  File "C:\сервис обьявлений\venv\lib\site-packages\django\core\paginator.py", line 70, in validate_number
    if number > self.num_pages:
  File "C:\сервис обьявлений\venv\lib\site-packages\django\utils\functional.py", line 47, in __get__
    res = instance.__dict__[self.name] = self.func(instance)
  File "C:\сервис обьявлений\venv\lib\site-packages\django\core\paginator.py", line 116, in num_pages
    if self.count == 0 and not self.allow_empty_first_page:
  File "C:\сервис обьявлений\venv\lib\site-packages\django\utils\functional.py", line 47, in __get__
    res = instance.__dict__[self.name] = self.func(instance)
  File "C:\сервис обьявлений\venv\lib\site-packages\django\core\paginator.py", line 110, in count
    return c()
  File "C:\сервис обьявлений\venv\lib\site-packages\django\db\models\query.py", line 604, in count
    return self.query.get_count(using=self.db)
  File "C:\сервис обьявлений\venv\lib\site-packages\django\db\models\sql\query.py", line 644, in get_count
    return obj.get_aggregation(using, {"__count": Count("*")})["__count"]
  File "C:\сервис обьявлений\venv\lib\site-packages\django\db\models\sql\query.py", line 626, in get_aggregation
    result = compiler.execute_sql(SINGLE)
  File "C:\сервис обьявлений\venv\lib\site-packages\django\db\models\sql\compiler.py", line 1621, in execute_sql
    cursor = self.connection.cursor()
  File "C:\сервис обьявлений\venv\lib\site-packages\django\utils\asyncio.py", line 26, in inner
    return func(*args, **kwargs)
  File "C:\сервис обьявлений\venv\lib\site-packages\django\db\backends\base\base.py", line 320, in cursor
    return self._cursor()
  File "C:\сервис обьявлений\venv\lib\site-packages\django\db\backends\base\base.py", line 296, in _cursor
    self.ensure_connection()
  File "C:\сервис обьявлений\venv\lib\site-packages\django\utils\asyncio.py", line 26, in inner
    return func(*args, **kwargs)
  File "C:\сервис обьявлений\venv\lib\site-packages\django\db\backends\base\base.py", line 278, in ensure_connection
    with self.wrap_database_errors:
  File "C:\сервис обьявлений\venv\lib\site-packages\django\db\utils.py", line 91, in __exit__
    raise dj_exc_value.with_traceback(traceback) from exc_value
  File "C:\сервис обьявлений\venv\lib\site-packages\django\db\backends\base\base.py", line 279, in ensure_connection
    self.connect()
  File "C:\сервис обьявлений\venv\lib\site-packages\django\utils\asyncio.py", line 26, in inner
    return func(*args, **kwargs)
  File "C:\сервис обьявлений\venv\lib\site-packages\django\db\backends\base\base.py", line 256, in connect
    self.connection = self.get_new_connection(conn_params)
  File "C:\сервис обьявлений\venv\lib\site-packages\django\utils\asyncio.py", line 26, in inner
    return func(*args, **kwargs)
  File "C:\сервис обьявлений\venv\lib\site-packages\django\db\backends\postgresql\base.py", line 332, in get_new_connection
    connection = self.Database.connect(**conn_params)
  File "C:\сервис обьявлений\venv\lib\site-packages\psycopg2\__init__.py", line 135, in connect
    conn = _connect(dsn, connection_factory=connection_factory, **kwasync)
django.db.utils.OperationalError: could not translate host name "db" to address: Name or service not known

ERROR 2025-11-14 20:40:39,784 log 10488 21076 Internal Server Error: /catalog/
Traceback (most recent call last):
  File "C:\сервис обьявлений\venv\lib\site-packages\django\db\backends\base\base.py", line 279, in ensure_connection
    self.connect()
  File "C:\сервис обьявлений\venv\lib\site-packages\django\utils\asyncio.py", line 26, in inner
    return func(*args, **kwargs)
  File "C:\сервис обьявлений\venv\lib\site-packages\django\db\backends\base\base.py", line 256, in connect
    self.connection = self.get_new_connection(conn_params)
  File "C:\сервис обьявлений\venv\lib\site-packages\django\utils\asyncio.py", line 26, in inner
    return func(*args, **kwargs)
  File "C:\сервис обьявлений\venv\lib\site-packages\django\db\backends\postgresql\base.py", line 332, in get_new_connection
    connection = self.Database.connect(**conn_params)
  File "C:\сервис обьявлений\venv\lib\site-packages\psycopg2\__init__.py", line 135, in connect
    conn = _connect(dsn, connection_factory=connection_factory, **kwasync)
psycopg2.OperationalError: could not translate host name "db" to address: Name or service not known


The above exception was the direct cause of the following exception:

Traceback (most recent call last):
  File "C:\сервис обьявлений\ad_service\.\products\views.py", line 158, in get_context_data
    context = super().get_context_data(**kwargs)
  File "C:\сервис обьявлений\venv\lib\site-packages\django\views\generic\list.py", line 128, in get_context_data
    paginator, page, queryset, is_paginated = self.paginate_queryset(
  File "C:\сервис обьявлений\venv\lib\site-packages\django\views\generic\list.py", line 73, in paginate_queryset
    page = paginator.page(page_number)
  File "C:\сервис обьявлений\venv\lib\site-packages\django\core\paginator.py", line 89, in page
    number = self.validate_number(number)
  File "C:\сервис обьявлений\venv\lib\site-packages\django\core\paginator.py", line 70, in validate_number
    if number > self.num_pages:
  File "C:\сервис обьявлений\venv\lib\site-packages\django\utils\functional.py", line 47, in __get__
    res = instance.__dict__[self.name] = self.func(instance)
  File "C:\сервис обьявлений\venv\lib\site-packages\django\core\paginator.py", line 116, in num_pages
    if self.count == 0 and not self.allow_empty_first_page:
  File "C:\сервис обьявлений\venv\lib\site-packages\django\utils\functional.py", line 47, in __get__
    res = instance.__dict__[self.name] = self.func(instance)
  File "C:\сервис обьявлений\venv\lib\site-packages\django\core\paginator.py", line 110, in count
    return c()
  File "C:\сервис обьявлений\venv\lib\site-packages\django\db\models\query.py", line 604, in count
    return self.query.get_count(using=self.db)
  File "C:\сервис обьявлений\venv\lib\site-packages\django\db\models\sql\query.py", line 644, in get_count
    return obj.get_aggregation(using, {"__count": Count("*")})["__count"]
  File "C:\сервис обьявлений\venv\lib\site-packages\django\db\models\sql\query.py", line 626, in get_aggregation
    result = compiler.execute_sql(SINGLE)
  File "C:\сервис обьявлений\venv\lib\site-packages\django\db\models\sql\compiler.py", line 1621, in execute_sql
    cursor = self.connection.cursor()
  File "C:\сервис обьявлений\venv\lib\site-packages\django\utils\asyncio.py", line 26, in inner
    return func(*args, **kwargs)
  File "C:\сервис обьявлений\venv\lib\site-packages\django\db\backends\base\base.py", line 320, in cursor
    return self._cursor()
  File "C:\сервис обьявлений\venv\lib\site-packages\django\db\backends\base\base.py", line 296, in _cursor
    self.ensure_connection()
  File "C:\сервис обьявлений\venv\lib\site-packages\django\utils\asyncio.py", line 26, in inner
    return func(*args, **kwargs)
  File "C:\сервис обьявлений\venv\lib\site-packages\django\db\backends\base\base.py", line 278, in ensure_connection
    with self.wrap_database_errors:
  File "C:\сервис обьявлений\venv\lib\site-packages\django\db\utils.py", line 91, in __exit__
    raise dj_exc_value.with_traceback(traceback) from exc_value
  File "C:\сервис обьявлений\venv\lib\site-packages\django\db\backends\base\base.py", line 279, in ensure_connection
    self.connect()
  File "C:\сервис обьявлений\venv\lib\site-packages\django\utils\asyncio.py", line 26, in inner
    return func(*args, **kwargs)
  File "C:\сервис обьявлений\venv\lib\site-packages\django\db\backends\base\base.py", line 256, in connect
    self.connection = self.get_new_connection(conn_params)
  File "C:\сервис обьявлений\venv\lib\site-packages\django\utils\asyncio.py", line 26, in inner
    return func(*args, **kwargs)
  File "C:\сервис обьявлений\venv\lib\site-packages\django\db\backends\postgresql\base.py", line 332, in get_new_connection
    connection = self.Database.connect(**conn_params)
  File "C:\сервис обьявлений\venv\lib\site-packages\psycopg2\__init__.py", line 135, in connect
    conn = _connect(dsn, connection_factory=connection_factory, **kwasync)
django.db.utils.OperationalError: could not translate host name "db" to address: Name or service not known


During handling of the above exception, another exception occurred:

Traceback (most recent call last):
  File "C:\сервис обьявлений\venv\lib\site-packages\django\db\backends\base\base.py", line 279, in ensure_connection
    self.connect()
  File "C:\сервис обьявлений\venv\lib\site-packages\django\utils\asyncio.py", line 26, in inner
    return func(*args, **kwargs)
  File "C:\сервис обьявлений\venv\lib\site-packages\django\db\backends\base\base.py", line 256, in connect
    self.connection = self.get_new_connection(conn_params)
  File "C:\сервис обьявлений\venv\lib\site-packages\django\utils\asyncio.py", line 26, in inner
    return func(*args, **kwargs)
  File "C:\сервис обьявлений\venv\lib\site-packages\django\db\backends\postgresql\base.py", line 332, in get_new_connection
    connection = self.Database.connect(**conn_params)
  File "C:\сервис обьявлений\venv\lib\site-packages\psycopg2\__init__.py", line 135, in connect
    conn = _connect(dsn, connection_factory=connection_factory, **kwasync)
psycopg2.OperationalError: could not translate host name "db" to address: Name or service not known


The above exception was the direct cause of the following exception:

Traceback (most recent call last):
  File "C:\сервис обьявлений\venv\lib\site-packages\asgiref\sync.py", line 489, in thread_handler
    raise exc_info[1]
  File "C:\сервис обьявлений\venv\lib\site-packages\django\core\handlers\exception.py", line 42, in inner
    response = await get_response(request)
  File "C:\сервис обьявлений\venv\lib\site-packages\django\core\handlers\base.py", line 253, in _get_response_async
    response = await wrapped_callback(
  File "C:\сервис обьявлений\venv\lib\site-packages\asgiref\sync.py", line 439, in __call__
    ret = await asyncio.shield(exec_coro)
  File "C:\сервис обьявлений\venv\lib\site-packages\asgiref\current_thread_executor.py", line 40, in run
    result = self.fn(*self.args, **self.kwargs)
  File "C:\сервис обьявлений\venv\lib\site-packages\asgiref\sync.py", line 493, in thread_handler
    return func(*args, **kwargs)
  File "C:\сервис обьявлений\venv\lib\site-packages\django\views\generic\base.py", line 105, in view
    return self.dispatch(request, *args, **kwargs)
  File "C:\сервис обьявлений\venv\lib\site-packages\django\views\generic\base.py", line 144, in dispatch
    return handler(request, *args, **kwargs)
  File "C:\сервис обьявлений\venv\lib\site-packages\django\views\generic\list.py", line 178, in get
    context = self.get_context_data()
  File "C:\сервис обьявлений\ad_service\.\products\views.py", line 175, in get_context_data
    return super().get_context_data(**kwargs)
  File "C:\сервис обьявлений\venv\lib\site-packages\django\views\generic\list.py", line 128, in get_context_data
    paginator, page, queryset, is_paginated = self.paginate_queryset(
  File "C:\сервис обьявлений\venv\lib\site-packages\django\views\generic\list.py", line 73, in paginate_queryset
    page = paginator.page(page_number)
  File "C:\сервис обьявлений\venv\lib\site-packages\django\core\paginator.py", line 89, in page
    number = self.validate_number(number)
  File "C:\сервис обьявлений\venv\lib\site-packages\django\core\paginator.py", line 70, in validate_number
    if number > self.num_pages:
  File "C:\сервис обьявлений\venv\lib\site-packages\django\utils\functional.py", line 47, in __get__
    res = instance.__dict__[self.name] = self.func(instance)
  File "C:\сервис обьявлений\venv\lib\site-packages\django\core\paginator.py", line 116, in num_pages
    if self.count == 0 and not self.allow_empty_first_page:
  File "C:\сервис обьявлений\venv\lib\site-packages\django\utils\functional.py", line 47, in __get__
    res = instance.__dict__[self.name] = self.func(instance)
  File "C:\сервис обьявлений\venv\lib\site-packages\django\core\paginator.py", line 110, in count
    return c()
  File "C:\сервис обьявлений\venv\lib\site-packages\django\db\models\query.py", line 604, in count
    return self.query.get_count(using=self.db)
  File "C:\сервис обьявлений\venv\lib\site-packages\django\db\models\sql\query.py", line 644, in get_count
    return obj.get_aggregation(using, {"__count": Count("*")})["__count"]
  File "C:\сервис обьявлений\venv\lib\site-packages\django\db\models\sql\query.py", line 626, in get_aggregation
    result = compiler.execute_sql(SINGLE)
  File "C:\сервис обьявлений\venv\lib\site-packages\django\db\models\sql\compiler.py", line 1621, in execute_sql
    cursor = self.connection.cursor()
  File "C:\сервис обьявлений\venv\lib\site-packages\django\utils\asyncio.py", line 26, in inner
    return func(*args, **kwargs)
  File "C:\сервис обьявлений\venv\lib\site-packages\django\db\backends\base\base.py", line 320, in cursor
    return self._cursor()
  File "C:\сервис обьявлений\venv\lib\site-packages\django\db\backends\base\base.py", line 296, in _cursor
    self.ensure_connection()
  File "C:\сервис обьявлений\venv\lib\site-packages\django\utils\asyncio.py", line 26, in inner
    return func(*args, **kwargs)
  File "C:\сервис обьявлений\venv\lib\site-packages\django\db\backends\base\base.py", line 278, in ensure_connection
    with self.wrap_database_errors:
  File "C:\сервис обьявлений\venv\lib\site-packages\django\db\utils.py", line 91, in __exit__
    raise dj_exc_value.with_traceback(traceback) from exc_value
  File "C:\сервис обьявлений\venv\lib\site-packages\django\db\backends\base\base.py", line 279, in ensure_connection
    self.connect()
  File "C:\сервис обьявлений\venv\lib\site-packages\django\utils\asyncio.py", line 26, in inner
    return func(*args, **kwargs)
  File "C:\сервис обьявлений\venv\lib\site-packages\django\db\backends\base\base.py", line 256, in connect
    self.connection = self.get_new_connection(conn_params)
  File "C:\сервис обьявлений\venv\lib\site-packages\django\utils\asyncio.py", line 26, in inner
    return func(*args, **kwargs)
  File "C:\сервис обьявлений\venv\lib\site-packages\django\db\backends\postgresql\base.py", line 332, in get_new_connection
    connection = self.Database.connect(**conn_params)
  File "C:\сервис обьявлений\venv\lib\site-packages\psycopg2\__init__.py", line 135, in connect
    conn = _connect(dsn, connection_factory=connection_factory, **kwasync)
django.db.utils.OperationalError: could not translate host name "db" to address: Name or service not known

